// Jest Snapshot v1, https://goo.gl/fbAQLP

exports[`<Create Party /> renders correctly 1`] = `ShallowWrapper {}`;
