// Jest Snapshot v1, https://goo.gl/fbAQLP

exports[`<Get Parties/> renders correctly 1`] = `ShallowWrapper {}`;
