// Jest Snapshot v1, https://goo.gl/fbAQLP

exports[`<Create Office /> renders correctly 1`] = `ShallowWrapper {}`;
