// Jest Snapshot v1, https://goo.gl/fbAQLP

exports[`<Get Offices /> renders correctly 1`] = `ShallowWrapper {}`;
