// Jest Snapshot v1, https://goo.gl/fbAQLP

exports[`<Showcase /> renders correctly 1`] = `ShallowWrapper {}`;
