// Jest Snapshot v1, https://goo.gl/fbAQLP

exports[`Office Card should render Office Card Container correctly 1`] = `ShallowWrapper {}`;
