// Jest Snapshot v1, https://goo.gl/fbAQLP

exports[`<Signup Showcase /> renders correctly 1`] = `ShallowWrapper {}`;
