// Jest Snapshot v1, https://goo.gl/fbAQLP

exports[`Admin Profile should render Admin Profile component correctly 1`] = `ShallowWrapper {}`;
