// Jest Snapshot v1, https://goo.gl/fbAQLP

exports[`<Admin Profile /> renders correctly 1`] = `ShallowWrapper {}`;
