// Jest Snapshot v1, https://goo.gl/fbAQLP

exports[`Become Candidate should render Become Candidate Container correctly 1`] = `ShallowWrapper {}`;
