// Jest Snapshot v1, https://goo.gl/fbAQLP

exports[`Create Office should render Create Office Container correctly 1`] = `ShallowWrapper {}`;
