// Jest Snapshot v1, https://goo.gl/fbAQLP

exports[`Create Party should render Create Party Container correctly 1`] = `ShallowWrapper {}`;
