// Jest Snapshot v1, https://goo.gl/fbAQLP

exports[`Create Candidate should render Create Candidate Container correctly 1`] = `ShallowWrapper {}`;
