// Jest Snapshot v1, https://goo.gl/fbAQLP

exports[`Get Offices should render Get Offices Container correctly 1`] = `ShallowWrapper {}`;
