// Jest Snapshot v1, https://goo.gl/fbAQLP

exports[`Home should render Home Container correctly 1`] = `ShallowWrapper {}`;
