// Jest Snapshot v1, https://goo.gl/fbAQLP

exports[`<User Profile /> renders correctly 1`] = `ShallowWrapper {}`;
