// Jest Snapshot v1, https://goo.gl/fbAQLP

exports[`<Become Candidate /> renders correctly 1`] = `ShallowWrapper {}`;
