// Jest Snapshot v1, https://goo.gl/fbAQLP

exports[`<Create Candidate /> renders correctly 1`] = `ShallowWrapper {}`;
