// Jest Snapshot v1, https://goo.gl/fbAQLP

exports[`User Profile should render User Profile component correctly 1`] = `ShallowWrapper {}`;
